Welcome to the Grocery Express Delivery Service!
> display_stores
OK:display_completed
> make_store,kroger,33000
OK:change_completed
> make_store,publix,37000
OK:change_completed
> display_sotres
> display_stores
name:kroger,revenue:33000
name:publix,revenue:37000
OK:display_completed
> make_customer,aapple2,Alana,Apple,222-222-2222,4,100
OK:change_completed
> make_customer,jdoe1,John,Doe,333-333-3333,5,300
OK:change_completed
> sell_item,kroger,pot_roast,5
OK:change_completed
> sell_item,kroger,cheesecake,4
OK:change_completed
> sell_item,publix,cheesecake,8
OK:change_completed
> sell_item,kroger,bacon,10
OK:change_completed
> make_pilot,ffig8,Finneas,Fig,888-888-8888,890-12-3456,panam_10,33
OK:change_completed
> make_drone,kroger,1,40,1
OK:change_completed
> fly_drone,kroger,1,ffig8
OK:change_completed
> start_order,kroger,purchaseA,1,aapple2,
OK:change_completed
> request_item,kroger,purchaseA,pot_roast,3,10
OK:change_completed
> request_item,kroger,purchaseA,cheesecake,3,10
OK:change_completed
> distribute_frequency,3,3
OK:change_completed
> display_customers
name:Alana_Apple,phone:222-222-2222,rating:4,credit:100
name:John_Doe,phone:333-333-3333,rating:5,credit:300
OK:display_completed
> display_stores
name:kroger,revenue:33000
name:publix,revenue:37000
OK:display_completed
> display_customers
name:Alana_Apple,phone:222-222-2222,rating:4,credit:100
name:John_Doe,phone:333-333-3333,rating:5,credit:300
OK:display_completed
ALERT:coupons_distributed
> purchase_order,kroger,purchaseA,true
OK:change_completed
> display_customers
name:Alana_Apple,phone:222-222-2222,rating:4,credit:56
name:John_Doe,phone:333-333-3333,rating:5,credit:300
OK:display_completed
> stop
stop acknowledged
simulation terminated
